Hmm ... looks like a package
Converting parsed Rd's to LaTeX 
Creating pdf output from LaTeX ...
Error in texi2dvi(file = file, pdf = TRUE, clean = clean, quiet = quiet,  : 
  Running 'texi2dvi' on 'Rd2.tex' failed.
Messages:
/opt/R/arm64/bin/texi2dvi: makeindex failed
Output:
This is pdfTeX, Version 3.141592653-2.6-1.40.28 (TeX Live 2025) (preloaded format=pdflatex)
 restricted \write18 enabled.
entering extended mode
LaTeX2e <2025-11-01>
L3 programming layer <2026-01-19>
(./Rd2.tex
(/Users/lyf/Library/TinyTeX/texmf-dist/tex/latex/base/book.cls
Document Class: book 2025/01/22 v1.4n Standard LaTeX document class
(/Users/lyf/Library/TinyTeX/texmf-dist/tex/latex/base/bk10.clo)) (/Library/Frameworks/R.framework/Resources/share/texmf/tex/latex/Rd.sty (/Users/lyf/Library/TinyTeX/texmf-dist/tex/latex/base/ifthen.sty) (/Users/lyf/Library/TinyTeX/texmf-dist/tex/generic/iftex/iftex.sty) (/Users/lyf/Library/TinyTeX/texmf-dist/tex/latex/tools/longtable.sty) (/Users/lyf/Library/TinyTeX/texmf-dist/tex/latex/tools/bm.sty) (/Users/lyf/Library/TinyTeX/texmf-dist/tex/latex/base/alltt.sty) (/Users/lyf/Library/TinyTeX/texmf-dist/tex/latex/tools/verbatim.sty) (/Users/lyf/Library/TinyTeX/texmf-dist/tex/latex/url/url.sty) (/Users/lyf/Library/TinyTeX/texmf-dist/tex/latex/base/textcomp.sty) (/Users/lyf/Library/TinyTeX/texmf-dist/tex/latex/amsmath/amsmath.sty
For additional information on amsmath, use the `?' option.
(/Users/lyf/Library/TinyTeX/texmf-dist/tex/latex/amsmath/amstext.sty (/Users/lyf/Library/TinyTeX/texmf-dist/tex/latex/amsmath/amsgen.sty)) (/Users/lyf/Library/TinyTeX/texmf-dist/tex/latex/amsmath/amsbsy.sty) (/Users/lyf/Library/TinyTeX/texmf-dist/tex/latex/amsmath/amsopn.sty)) (/Users/lyf/Library/TinyTeX/texmf-dist/tex/latex/amsfonts/amsfonts.sty) (/Users/lyf/Library/TinyTeX/texmf-dist/tex/latex/amsfonts/amssymb.sty) (/Users/lyf/Library/TinyTeX/texmf-dist/tex/latex/amsfonts/eucal.sty) (/Users/lyf/Library/TinyTeX/texmf-dist/tex/latex/base/fontenc.sty) (/Users/lyf/Library/TinyTeX/texmf-dist/tex/latex/psnfss/times.sty) (/Users/lyf/Library/TinyTeX/texmf-dist/tex/latex/inconsolata/zi4.sty `inconsolata-zi4' v1.12, 2019/05/17 Text macros for Inconsolata (msharpe) (/Users/lyf/Library/TinyTeX/texmf-dist/tex/latex/xkeyval/xkeyval.sty (/Users/lyf/Library/TinyTeX/texmf-dist/tex/generic/xkeyval/xkeyval.tex (/Users/lyf/Library/TinyTeX/texmf-dist/tex/generic/xkeyval/xkvutils.tex (/Users/lyf/Library/TinyTeX/texmf-dist/tex/generic/xkeyval/keyval.tex))))) (/Users/lyf/Library/TinyTeX/texmf-dist/tex/latex/graphics/color.sty (/Users/lyf/Library/TinyTeX/texmf-dist/tex/latex/graphics-cfg/color.cfg) (/Users/lyf/Library/TinyTeX/texmf-dist/tex/latex/graphics-def/pdftex.def) (/Users/lyf/Library/TinyTeX/texmf-dist/tex/latex/graphics/mathcolor.ltx)) (/Users/lyf/Library/TinyTeX/texmf-dist/tex/latex/hyperref/hyperref.sty (/Users/lyf/Library/TinyTeX/texmf-dist/tex/latex/kvsetkeys/kvsetkeys.sty) (/Users/lyf/Library/TinyTeX/texmf-dist/tex/generic/kvdefinekeys/kvdefinekeys.sty) (/Users/lyf/Library/TinyTeX/texmf-dist/tex/generic/pdfescape/pdfescape.sty (/Users/lyf/Library/TinyTeX/texmf-dist/tex/generic/ltxcmds/ltxcmds.sty) (/Users/lyf/Library/TinyTeX/texmf-dist/tex/generic/pdftexcmds/pdftexcmds.sty (/Users/lyf/Library/TinyTeX/texmf-dist/tex/generic/infwarerr/infwarerr.sty))) (/Users/lyf/Library/TinyTeX/texmf-dist/tex/latex/hycolor/hycolor.sty) (/Users/lyf/Library/TinyTeX/texmf-dist/tex/latex/hyperref/nameref.sty (/Users/lyf/Library/TinyTeX/texmf-dist/tex/latex/refcount/refcount.sty) (/Users/lyf/Library/TinyTeX/texmf-dist/tex/generic/gettitlestring/gettitlestring.sty (/Users/lyf/Library/TinyTeX/texmf-dist/tex/latex/kvoptions/kvoptions.sty))) (/Users/lyf/Library/TinyTeX/texmf-dist/tex/latex/etoolbox/etoolbox.sty) (/Users/lyf/Library/TinyTeX/texmf-dist/tex/generic/stringenc/stringenc.sty) (/Users/lyf/Library/TinyTeX/texmf-dist/tex/latex/hyperref/pd1enc.def) (/Users/lyf/Library/TinyTeX/texmf-dist/tex/generic/intcalc/intcalc.sty) (/Users/lyf/Library/TinyTeX/texmf-dist/tex/latex/hyperref/puenc.def) (/Users/lyf/Library/TinyTeX/texmf-dist/tex/generic/bitset/bitset.sty (/Users/lyf/Library/TinyTeX/texmf-dist/tex/generic/bigintcalc/bigintcalc.sty))) (/Users/lyf/Library/TinyTeX/texmf-dist/tex/latex/hyperref/hpdftex.def (/Users/lyf/Library/TinyTeX/texmf-dist/tex/latex/rerunfilecheck/rerunfilecheck.sty (/Users/lyf/Library/TinyTeX/texmf-dist/tex/generic/uniquecounter/uniquecounter.sty)))) (/Users/lyf/Library/TinyTeX/texmf-dist/tex/latex/base/makeidx.sty)
Writing index file Rd2.idx
(/Users/lyf/Library/TinyTeX/texmf-dist/tex/latex/psnfss/t1ptm.fd) (/Users/lyf/Library/TinyTeX/texmf-dist/tex/latex/l3backend/l3backend-pdftex.def) (/private/var/folders/cr/wvy9715s2472y0gldpmfm4740000gn/T/RtmpJzYir0/Rd2pdf83dc7a62f7e8/Rd2.aux) (/private/var/folders/cr/wvy9715s2472y0gldpmfm4740000gn/T/RtmpJzYir0/Rd2pdf83dc7a62f7e8/Rd2.out) (/private/var/folders/cr/wvy9715s2472y0gldpmfm4740000gn/T/RtmpJzYir0/Rd2pdf83dc7a62f7e8/Rd2.out) (/Users/lyf/Library/TinyTeX/texmf-dist/tex/latex/inconsolata/t1zi4.fd) (/Users/lyf/Library/TinyTeX/texmf-dist/tex/latex/amsfonts/umsa.fd) (/Users/lyf/Library/TinyTeX/texmf-dist/tex/latex/amsfonts/umsb.fd) (/private/var/folders/cr/wvy9715s2472y0gldpmfm4740000gn/T/RtmpJzYir0/Rd2pdf83dc7a62f7e8/Rd2.toc) [1{/Users/lyf/Library/TinyTeX/texmf-var/fonts/map/pdftex/updmap/pdftex.map}{/Users/lyf/Library/TinyTeX/texmf-dist/fonts/enc/dvips/base/8r.enc}{/Users/lyf/Library/TinyTeX/texmf-dist/fonts/enc/dvips/inconsolata/i4-t1-0.enc}] [2]
No file Rd2.ind.
[3] (/private/var/folders/cr/wvy9715s2472y0gldpmfm4740000gn/T/RtmpJzYir0/Rd2pdf83dc7a62f7e8/Rd2.aux) )</Users/lyf/Library/TinyTeX/texmf-dist/fonts/type1/public/inconsolata/Inconsolata-zi4r.pfb></Users/lyf/Library/TinyTeX/texmf-dist/fonts/type1/public/amsfonts/cm/cmmi10.pfb></Users/lyf/Library/TinyTeX/texmf-dist/fonts/type1/public/amsfonts/cm/cmr10.pfb></Users/lyf/Library/TinyTeX/texmf-dist/fonts/type1/public/amsfonts/cm/cmsy10.pfb></Users/lyf/Library/TinyTeX/texmf-dist/fonts/type1/urw/times/utmb8a.pfb></Users/lyf/Library/TinyTeX/texmf-dist/fonts/type1/urw/times/utmr8a.pfb></Users/lyf/Library/TinyTeX/texmf-dist/fonts/type1/urw/times/utmr8a.pfb></Users/lyf/Library/TinyTeX/texmf-dist/fonts/type1/urw/times/utmri8a.pfb>
Output written on Rd2.pdf (3 pages, 102499 bytes).
Transcript written on Rd2.log.
/opt/R/arm64/bin/texi2dvi: line 366: makeindex: command not found

This is pdfTeX, Version 3.141592653-2.6-1.40.28 (TeX Live 2025) (preloaded format=pdflatex)
 restricted \write18 enabled.
entering extended mode
LaTeX2e <2025-11-01>
L3 programming layer <2026-01-19>
(./Rd2.tex
(/Users/lyf/Library/TinyTeX/texmf-dist/tex/latex/base/book.cls
Document Class: book 2025/01/22 v1.4n Standard LaTeX document class
(/Users/lyf/Library/TinyTeX/texmf-dist/tex/latex/base/bk10.clo)) (/Library/Frameworks/R.framework/Resources/share/texmf/tex/latex/Rd.sty (/Users/lyf/Library/TinyTeX/texmf-dist/tex/latex/base/ifthen.sty) (/Users/lyf/Library/TinyTeX/texmf-dist/tex/generic/iftex/iftex.sty) (/Users/lyf/Library/TinyTeX/texmf-dist/tex/latex/tools/longtable.sty) (/Users/lyf/Library/TinyTeX/texmf-dist/tex/latex/tools/bm.sty) (/Users/lyf/Library/TinyTeX/texmf-dist/tex/latex/base/alltt.sty) (/Users/lyf/Library/TinyTeX/texmf-dist/tex/latex/tools/verbatim.sty) (/Users/lyf/Library/TinyTeX/texmf-dist/tex/latex/url/url.sty) (/Users/lyf/Library/TinyTeX/texmf-dist/tex/latex/base/textcomp.sty) (/Users/lyf/Library/TinyTeX/texmf-dist/tex/latex/amsmath/amsmath.sty
For additional information on amsmath, use the `?' option.
(/Users/lyf/Library/TinyTeX/texmf-dist/tex/latex/amsmath/amstext.sty (/Users/lyf/Library/TinyTeX/texmf-dist/tex/latex/amsmath/amsgen.sty)) (/Users/lyf/Library/TinyTeX/texmf-dist/tex/latex/amsmath/amsbsy.sty) (/Users/lyf/Library/TinyTeX/texmf-dist/tex/latex/amsmath/amsopn.sty)) (/Users/lyf/Library/TinyTeX/texmf-dist/tex/latex/amsfonts/amsfonts.sty) (/Users/lyf/Library/TinyTeX/texmf-dist/tex/latex/amsfonts/amssymb.sty) (/Users/lyf/Library/TinyTeX/texmf-dist/tex/latex/amsfonts/eucal.sty) (/Users/lyf/Library/TinyTeX/texmf-dist/tex/latex/base/fontenc.sty) (/Users/lyf/Library/TinyTeX/texmf-dist/tex/latex/psnfss/times.sty) (/Users/lyf/Library/TinyTeX/texmf-dist/tex/latex/inconsolata/zi4.sty `inconsolata-zi4' v1.12, 2019/05/17 Text macros for Inconsolata (msharpe) (/Users/lyf/Library/TinyTeX/texmf-dist/tex/latex/xkeyval/xkeyval.sty (/Users/lyf/Library/TinyTeX/texmf-dist/tex/generic/xkeyval/xkeyval.tex (/Users/lyf/Library/TinyTeX/texmf-dist/tex/generic/xkeyval/xkvutils.tex (/Users/lyf/Library/TinyTeX/texmf-dist/tex/generic/xkeyval/keyval.tex))))) (/Users/lyf/Library/TinyTeX/texmf-dist/tex/latex/graphics/color.sty (/Users/lyf/Library/TinyTeX/texmf-dist/tex/latex/graphics-cfg/color.cfg) (/Users/lyf/Library/TinyTeX/texmf-dist/tex/latex/graphics-def/pdftex.def) (/Users/lyf/Library/TinyTeX/texmf-dist/tex/latex/graphics/mathcolor.ltx)) (/Users/lyf/Library/TinyTeX/texmf-dist/tex/latex/hyperref/hyperref.sty (/Users/lyf/Library/TinyTeX/texmf-dist/tex/latex/kvsetkeys/kvsetkeys.sty) (/Users/lyf/Library/TinyTeX/texmf-dist/tex/generic/kvdefinekeys/kvdefinekeys.sty) (/Users/lyf/Library/TinyTeX/texmf-dist/tex/generic/pdfescape/pdfescape.sty (/Users/lyf/Library/TinyTeX/texmf-dist/tex/generic/ltxcmds/ltxcmds.sty) (/Users/lyf/Library/TinyTeX/texmf-dist/tex/generic/pdftexcmds/pdftexcmds.sty (/Users/lyf/Library/TinyTeX/texmf-dist/tex/generic/infwarerr/infwarerr.sty))) (/Users/lyf/Library/TinyTeX/texmf-dist/tex/latex/hycolor/hycolor.sty) (/Users/lyf/Library/TinyTeX/texmf-dist/tex/latex/hyperref/nameref.sty (/Users/lyf/Library/TinyTeX/texmf-dist/tex/latex/refcount/refcount.sty) (/Users/lyf/Library/TinyTeX/texmf-dist/tex/generic/gettitlestring/gettitlestring.sty (/Users/lyf/Library/TinyTeX/texmf-dist/tex/latex/kvoptions/kvoptions.sty))) (/Users/lyf/Library/TinyTeX/texmf-dist/tex/latex/etoolbox/etoolbox.sty) (/Users/lyf/Library/TinyTeX/texmf-dist/tex/generic/stringenc/stringenc.sty) (/Users/lyf/Library/TinyTeX/texmf-dist/tex/latex/hyperref/pd1enc.def) (/Users/lyf/Library/TinyTeX/texmf-dist/tex/generic/intcalc/intcalc.sty) (/Users/lyf/Library/TinyTeX/texmf-dist/tex/latex/hyperref/puenc.def) (/Users/lyf/Library/TinyTeX/texmf-dist/tex/generic/bitset/bitset.sty (/Users/lyf/Library/TinyTeX/texmf-dist/tex/generic/bigintcalc/bigintcalc.sty))) (/Users/lyf/Library/TinyTeX/texmf-dist/tex/latex/hyperref/hpdftex.def (/Users/lyf/Library/TinyTeX/texmf-dist/tex/latex/rerunfilecheck/rerunfilecheck.sty (/Users/lyf/Library/TinyTeX/texmf-dist/tex/generic/uniquecounter/uniquecounter.sty)))) (/Users/lyf/Library/TinyTeX/texmf-dist/tex/latex/base/makeidx.sty)
Writing index file Rd2.idx
(/Users/lyf/Library/TinyTeX/texmf-dist/tex/latex/psnfss/t1ptm.fd) (/Users/lyf/Library/TinyTeX/texmf-dist/tex/latex/l3backend/l3backend-pdftex.def) (/private/var/folders/cr/wvy9715s2472y0gldpmfm4740000gn/T/RtmpJzYir0/Rd2pdf83dc7a62f7e8/Rd2.aux) (/private/var/folders/cr/wvy9715s2472y0gldpmfm4740000gn/T/RtmpJzYir0/Rd2pdf83dc7a62f7e8/Rd2.out) (/private/var/folders/cr/wvy9715s2472y0gldpmfm4740000gn/T/RtmpJzYir0/Rd2pdf83dc7a62f7e8/Rd2.out) (/Users/lyf/Library/TinyTeX/texmf-dist/tex/latex/inconsolata/t1zi4.fd) (/Users/lyf/Library/TinyTeX/texmf-dist/tex/latex/amsfonts/umsa.fd) (/Users/lyf/Library/TinyTeX/texmf-dist/tex/latex/amsfonts/umsb.fd) (/private/var/folders/cr/wvy9715s2472y0gldpmfm4740000gn/T/RtmpJzYir0/Rd2pdf83dc7a62f7e8/Rd2.toc) [1{/Users/lyf/Library/TinyTeX/texmf-var/fonts/map/pdftex/updmap/pdftex.map}{/Users/lyf/Library/TinyTeX/texmf-dist/fonts/enc/dvips/base/8r.enc}{/Users/lyf/Library/TinyTeX/texmf-dist/fonts/enc/dvips/inconsolata/i4-t1-0.enc}] [2]
No file Rd2.ind.
[3] (/private/var/folders/cr/wvy9715s2472y0gldpmfm4740000gn/T/RtmpJzYir0/Rd2pdf83dc7a62f7e8/Rd2.aux) )</Users/lyf/Library/TinyTeX/texmf-dist/fonts/type1/public/inconsolata/Inconsolata-zi4r.pfb></Users/lyf/Library/TinyTeX/texmf-dist/fonts/type1/public/amsfonts/cm/cmmi10.pfb></Users/lyf/Library/TinyTeX/texmf-dist/fonts/type1/public/amsfonts/cm/cmr10.pfb></Users/lyf/Library/TinyTeX/texmf-dist/fonts/type1/public/amsfonts/cm/cmsy10.pfb></Users/lyf/Library/TinyTeX/texmf-dist/fonts/type1/urw/times/utmb8a.pfb></Users/lyf/Library/TinyTeX/texmf-dist/fonts/type1/urw/times/utmr8a.pfb></Users/lyf/Library/TinyTeX/texmf-dist/fonts/type1/urw/times/utmr8a.pfb></Users/lyf/Library/TinyTeX/texmf-dist/fonts/type1/urw/times/utmri8a.pfb>
Output written on Rd2.pdf (3 pages, 102501 bytes).
Transcript written on Rd2.log.
Saving output to ‘multChernoff-manual.pdf’ ...
Done
You may want to clean up by 'rm -Rf /var/folders/cr/wvy9715s2472y0gldpmfm4740000gn/T//RtmpJzYir0/Rd2pdf83dc7a62f7e8'
